Microchip MPLAB XC8 Compiler V2.46

Linker command line:

-W-3 \
  --edf=C:\Program Files\Microchip\xc8\v2.46\pic\dat\20240104201356_en.msgs \
  -cn -h+dist/default/production\ProjetoFinal.X.production.sym \
  --cmf=dist/default/production\ProjetoFinal.X.production.cmf -z -Q18F4550 \
  -oC:\Users\win\AppData\Local\Temp\xcAscjs.\driver_tmp_3.o \
  --defsym=__MPLAB_BUILD=1 --fixupoverflow=error \
  -Mdist/default/production/ProjetoFinal.X.production.map \
  --md=C:\Users\win\AppData\Local\Temp\xcAscjs.\driver_tmp_0.dat -E1 \
  -ver=XC8 Compiler --acfsm=1493 -ACODE=00h-07FFFh -ACONST=00h-07FFFh \
  -ASMALLCONST=0800h-08FFhx120 -AMEDIUMCONST=0800h-07FFFh -ACOMRAM=01h-05Fh \
  -AABS1=00h-07FFh -ABIGRAM=01h-07FFh -ARAM=060h-0FFh,0100h-01FFhx7 \
  -ABANK0=060h-0FFh -ABANK1=0100h-01FFh -ABANK2=0200h-02FFh \
  -ABANK3=0300h-03FFh -ABANK4=0400h-04FFh -ABANK5=0500h-05FFh \
  -ABANK6=0600h-06FFh -ABANK7=0700h-07FFh -ASFR=0F60h-0FFFh \
  -ABIGSFR=0F60h-0FFFh -ACONFIG=0300000h-030000Dh -AIDLOC=0200000h-0200007h \
  -AEEDATA=0F00000h-0F000FFh -peeprom_data=EEDATA \
  -preset_vec=00h,intcode,sivt_hi,intcodelo,sivt_lo,powerup,init \
  -pramtop=0800h -psmallconst=SMALLCONST -pmediumconst=MEDIUMCONST \
  -pconst=CONST -AFARRAM=00h-00h \
  -prdata=COMRAM,nvrram=COMRAM,nvbit=COMRAM,rbss=COMRAM,rbit=COMRAM \
  -pfarbss=FARRAM,fardata=FARRAM,nvFARRAM=FARRAM \
  -pintsave_regs=BIGRAM,bigbss=BIGRAM,bigdata=BIGRAM -pbss=RAM \
  -pidata=CODE,irdata=CODE,ibigdata=CODE,ifardata=CODE -prparam=COMRAM \
  C:\Users\win\AppData\Local\Temp\xcAscjs.\driver_tmp_14.o \
  dist/default/production\ProjetoFinal.X.production.o 

Object code version is 3.11

Machine type is 18F4550



                Name                               Link     Load   Length Selector   Space Scale
C:\Users\win\AppData\Local\Temp\xcAscjs.\driver_tmp_14.o
                idloc                            200000   200000        8        0       5
                config                           300000   300000        E        0       4
                init                                  0        0        4        0       0
dist/default/production\ProjetoFinal.X.production.o
                idloc                            200000   200000        8        0       5
                config                           300000   300000        E        0       4
                smallconst                          800      800       42      400       0
                text25                             1384     1384       44      421       0
                text24                             15EA     15EA        A      421       0
                text23                             12FA     12FA       46      421       0
                text22                             15DA     15DA       10      421       0
                text21                             15C8     15C8       12      421       0
                text20                             13C8     13C8       40      421       0
                text19                             1484     1484       3E      421       0
                text18                              EEC      EEC       EE      421       0
                text17                             157A     157A       28      421       0
                text16                             1552     1552       28      421       0
                text15                             152A     152A       28      421       0
                text14                             1446     1446       3E      421       0
                text13                             1288     1288       72      421       0
                text12                              D98      D98      154      421       0
                text11                             15A2     15A2       26      421       0
                text10                             11F8     11F8       90      421       0
                text9                               C40      C40      158      421       0
                text8                               FDA      FDA       C4      421       0
                text7                              109E     109E       B0      421       0
                text6                              14F6     14F6       34      421       0
                text5                              15FA     15FA        2      421       0
                text4                              114E     114E       AA      421       0
                text3                               A88      A88      1B8      421       0
                text2                              1408     1408       3E      421       0
                text1                              14C2     14C2       34      421       0
                text0                               842      842      246      421       0
                cstackCOMRAM                          1        1       30        1       1
                cstackBANK0                          60       60       30       60       1
                bssBANK0                             90       90        6       60       1
                dataCOMRAM                           56       56        6        1       1
                bssCOMRAM                            31       31       25        1       1
                cinit                              1340     1340       44      421       0
                idataCOMRAM                        15F4     15F4        6      421       0

TOTAL           Name                               Link     Load   Length     Space
        CLASS   CODE           
                init                                  0        0        4         0
                text25                             1384     1384       44         0
                text24                             15EA     15EA        A         0
                text23                             12FA     12FA       46         0
                text22                             15DA     15DA       10         0
                text21                             15C8     15C8       12         0
                text20                             13C8     13C8       40         0
                text19                             1484     1484       3E         0
                text18                              EEC      EEC       EE         0
                text17                             157A     157A       28         0
                text16                             1552     1552       28         0
                text15                             152A     152A       28         0
                text14                             1446     1446       3E         0
                text13                             1288     1288       72         0
                text12                              D98      D98      154         0
                text11                             15A2     15A2       26         0
                text10                             11F8     11F8       90         0
                text9                               C40      C40      158         0
                text8                               FDA      FDA       C4         0
                text7                              109E     109E       B0         0
                text6                              14F6     14F6       34         0
                text5                              15FA     15FA        2         0
                text4                              114E     114E       AA         0
                text3                               A88      A88      1B8         0
                text2                              1408     1408       3E         0
                text1                              14C2     14C2       34         0
                text0                               842      842      246         0
                cinit                              1340     1340       44         0
                idataCOMRAM                        15F4     15F4        6         0

        CLASS   CONST          

        CLASS   SMALLCONST     
                smallconst                          800      800       42         0

        CLASS   MEDIUMCONST    

        CLASS   COMRAM         
                cstackCOMRAM                          1        1       30         1
                dataCOMRAM                           56       56        6         1
                bssCOMRAM                            31       31       25         1

        CLASS   ABS1           

        CLASS   BIGRAM         

        CLASS   RAM            

        CLASS   BANK0          
                cstackBANK0                          60       60       30         1
                bssBANK0                             90       90        6         1

        CLASS   BANK1          

        CLASS   BANK2          

        CLASS   BANK3          

        CLASS   BANK4          

        CLASS   BANK5          

        CLASS   BANK6          

        CLASS   BANK7          

        CLASS   SFR            

        CLASS   BIGSFR         

        CLASS   CONFIG         
                config                           300000   300000        E         4

        CLASS   IDLOC          
                idloc                            200000   200000        8         5

        CLASS   EEDATA         

        CLASS   FARRAM         

        CLASS   HEAP           

        CLASS   STACK          



SEGMENTS        Name                           Load    Length   Top    Selector   Space  Class

                reset_vec                      000000  000004  000004         0       0  CODE    
                cstackCOMRAM                   000001  00005B  00005C         1       1  COMRAM  
                cstackBANK0                    000060  000036  000096        60       1  BANK0   
                smallconst                     000800  000042  000842       400       0  SMALLCON
                text0                          000842  000DBA  0015FC       421       0  CODE    


UNUSED ADDRESS RANGES

        Name                Unused          Largest block    Delta
        BANK0            000096-0000FF               6A
        BANK1            000100-0001FF              100
        BANK2            000200-0002FF              100
        BANK3            000300-0003FF              100
        BANK4            000400-0004FF              100
        BANK5            000500-0005FF              100
        BANK6            000600-0006FF              100
        BANK7            000700-0007FF              100
        BIGRAM           00005C-00005F                4
                         000096-0007FF              76A
        BIGSFR           000F60-000FFF               A0
        CODE             000004-0007FF              7FC
                         0015FC-007FFF             6A04
        COMRAM           00005C-00005F                4
        CONST            000004-0007FF              7FC
                         0015FC-007FFF             6A04
        EEDATA           F00000-F000FF              100
        MEDIUMCONST      0015FC-007FFF             6A04
        RAM              000096-0007FF              100
        SFR              000F60-000FFF               A0
        SMALLCONST       0015FC-007FFF              100

                                  Symbol Table

?_LEADC                  cstackCOMRAM 000001
?___awdiv                cstackCOMRAM 000007
?___awmod                cstackCOMRAM 000001
?___wmul                 cstackCOMRAM 000001
?_abs                    cstackCOMRAM 000007
?_readNumber             cstackCOMRAM 000007
?_sprintf                cstackCOMRAM 00001E
?_vfprintf               cstackCOMRAM 00001A
LEADC@channel            cstackCOMRAM 000001
OpenXLCD@lcdtype         cstackCOMRAM 000002
SetDDRamAddr@DDaddr      cstackCOMRAM 000001
WriteCmdXLCD@cmd         cstackCOMRAM 000001
WriteDataXLCD@data       cstackCOMRAM 000001
_ADCON0bits              (abs)        000FC2
_ADCON1                  (abs)        000FC1
_ADCON2                  (abs)        000FC0
_ADRESH                  (abs)        000FC4
_ADRESL                  (abs)        000FC3
_BusyXLCD                text23       0012FA
_DelayFor18TCY           text24       0015EA
_DelayPORXLCD            text22       0015DA
_DelayXLCD               text21       0015C8
_Keypad                  text12       000D98
_LATEbits                (abs)        000F8D
_LEADC                   text25       001384
_OpenXLCD                text18       000EEC
_PORTB                   (abs)        000F81
_PORTBbits               (abs)        000F81
_PORTCbits               (abs)        000F82
_PORTD                   (abs)        000F83
_SetDDRamAddr            text20       0013C8
_TRISA                   (abs)        000F92
_TRISB                   (abs)        000F93
_TRISC                   (abs)        000F94
_TRISD                   (abs)        000F95
_TRISEbits               (abs)        000F96
_WriteCmdXLCD            text19       001484
_WriteDataXLCD           text14       001446
__HRAM                   (abs)        000000
__H__absolute__          __absolute__ 000000
__Habs1                  abs1         000000
__Hbank0                 bank0        000000
__Hbank1                 bank1        000000
__Hbank2                 bank2        000000
__Hbank3                 bank3        000000
__Hbank4                 bank4        000000
__Hbank5                 bank5        000000
__Hbank6                 bank6        000000
__Hbank7                 bank7        000000
__Hbigbss                bigbss       000000
__Hbigdata               bigdata      000000
__Hbigram                bigram       000000
__Hbigsfr                bigsfr       000000
__Hbss                   bss          000000
__HbssBANK0              bssBANK0     000000
__HbssCOMRAM             bssCOMRAM    000000
__Hcinit                 cinit        000000
__Hclrtext               clrtext      000000
__Hcomram                comram       000000
__Hconfig                config       30000E
__Hconst                 const        000000
__HcstackBANK0           cstackBANK0  000000
__HcstackCOMRAM          cstackCOMRAM 000000
__Hdata                  data         000000
__HdataCOMRAM            dataCOMRAM   000000
__Heeprom_data           eeprom_data  000000
__Hfarbss                farbss       000000
__Hfardata               fardata      000000
__Hheap                  heap         000000
__Hibigdata              ibigdata     000000
__Hidata                 idata        000000
__HidataCOMRAM           idataCOMRAM  000000
__Hidloc                 idloc        200008
__Hifardata              ifardata     000000
__Hinit                  init         000004
__Hintcode               intcode      000000
__Hintcode_body          intcode_body 000000
__Hintcodelo             intcodelo    000000
__Hintentry              intentry     000000
__Hintret                intret       000000
__Hintsave_regs          intsave_regs 000000
__Hirdata                irdata       000000
__Hmediumconst           mediumconst  000000
__HnvFARRAM              nvFARRAM     000000
__Hnvbit                 nvbit        000000
__Hnvrram                nvrram       000000
__Hparam                 rparam       000000
__Hpowerup               powerup      000000
__Hram                   ram          000000
__Hramtop                ramtop       000800
__Hrbit                  rbit         000000
__Hrbss                  rbss         000000
__Hrdata                 rdata        000000
__Hreset_vec             reset_vec    000000
__Hrparam                rparam       000000
__Hsfr                   sfr          000000
__Hsivt_hi               sivt_hi      000000
__Hsivt_lo               sivt_lo      000000
__Hsmallconst            smallconst   000842
__Hspace_0               (abs)        0015FC
__Hspace_1               (abs)        000096
__Hspace_2               (abs)        000000
__Hspace_4               (abs)        60000E
__Hstack                 stack        000000
__Hstruct                struct       000000
__Htemp                  temp         000000
__Htext                  text         000000
__Htext0                 text0        000000
__Htext1                 text1        000000
__Htext10                text10       000000
__Htext11                text11       000000
__Htext12                text12       000000
__Htext13                text13       000000
__Htext14                text14       000000
__Htext15                text15       000000
__Htext16                text16       000000
__Htext17                text17       000000
__Htext18                text18       000000
__Htext19                text19       000000
__Htext2                 text2        000000
__Htext20                text20       000000
__Htext21                text21       000000
__Htext22                text22       000000
__Htext23                text23       000000
__Htext24                text24       000000
__Htext25                text25       000000
__Htext3                 text3        000000
__Htext4                 text4        000000
__Htext5                 text5        000000
__Htext6                 text6        000000
__Htext7                 text7        000000
__Htext8                 text8        000000
__Htext9                 text9        000000
__LRAM                   (abs)        000001
__L__absolute__          __absolute__ 000000
__Labs1                  abs1         000000
__Lbank0                 bank0        000000
__Lbank1                 bank1        000000
__Lbank2                 bank2        000000
__Lbank3                 bank3        000000
__Lbank4                 bank4        000000
__Lbank5                 bank5        000000
__Lbank6                 bank6        000000
__Lbank7                 bank7        000000
__Lbigbss                bigbss       000000
__Lbigdata               bigdata      000000
__Lbigram                bigram       000000
__Lbigsfr                bigsfr       000000
__Lbss                   bss          000000
__LbssBANK0              bssBANK0     000000
__LbssCOMRAM             bssCOMRAM    000000
__Lcinit                 cinit        000000
__Lclrtext               clrtext      000000
__Lcomram                comram       000000
__Lconfig                config       000000
__Lconst                 const        000000
__LcstackBANK0           cstackBANK0  000000
__LcstackCOMRAM          cstackCOMRAM 000000
__Ldata                  data         000000
__LdataCOMRAM            dataCOMRAM   000000
__Leeprom_data           eeprom_data  000000
__Lfarbss                farbss       000000
__Lfardata               fardata      000000
__Lheap                  heap         000000
__Libigdata              ibigdata     000000
__Lidata                 idata        000000
__LidataCOMRAM           idataCOMRAM  000000
__Lidloc                 idloc        000000
__Lifardata              ifardata     000000
__Linit                  init         000000
__Lintcode               intcode      000000
__Lintcode_body          intcode_body 000000
__Lintcodelo             intcodelo    000000
__Lintentry              intentry     000000
__Lintret                intret       000000
__Lintsave_regs          intsave_regs 000000
__Lirdata                irdata       000000
__Lmediumconst           mediumconst  000000
__LnvFARRAM              nvFARRAM     000000
__Lnvbit                 nvbit        000000
__Lnvrram                nvrram       000000
__Lparam                 rparam       000000
__Lpowerup               powerup      000000
__Lram                   ram          000000
__Lramtop                ramtop       000800
__Lrbit                  rbit         000000
__Lrbss                  rbss         000000
__Lrdata                 rdata        000000
__Lreset_vec             reset_vec    000000
__Lrparam                rparam       000000
__Lsfr                   sfr          000000
__Lsivt_hi               sivt_hi      000000
__Lsivt_lo               sivt_lo      000000
__Lsmallconst            smallconst   000800
__Lspace_0               (abs)        000000
__Lspace_1               (abs)        000000
__Lspace_2               (abs)        000000
__Lspace_4               (abs)        000000
__Lstack                 stack        000000
__Lstruct                struct       000000
__Ltemp                  temp         000000
__Ltext                  text         000000
__Ltext0                 text0        000000
__Ltext1                 text1        000000
__Ltext10                text10       000000
__Ltext11                text11       000000
__Ltext12                text12       000000
__Ltext13                text13       000000
__Ltext14                text14       000000
__Ltext15                text15       000000
__Ltext16                text16       000000
__Ltext17                text17       000000
__Ltext18                text18       000000
__Ltext19                text19       000000
__Ltext2                 text2        000000
__Ltext20                text20       000000
__Ltext21                text21       000000
__Ltext22                text22       000000
__Ltext23                text23       000000
__Ltext24                text24       000000
__Ltext25                text25       000000
__Ltext3                 text3        000000
__Ltext4                 text4        000000
__Ltext5                 text5        000000
__Ltext6                 text6        000000
__Ltext7                 text7        000000
__Ltext8                 text8        000000
__Ltext9                 text9        000000
__S0                     (abs)        0015FC
__S1                     (abs)        000096
__S4                     (abs)        000000
__S5                     (abs)        000000
___awdiv                 text8        000FDA
___awdiv@counter         cstackCOMRAM 00000B
___awdiv@dividend        cstackCOMRAM 000007
___awdiv@divisor         cstackCOMRAM 000009
___awdiv@quotient        cstackCOMRAM 00000D
___awdiv@sign            cstackCOMRAM 00000C
___awmod                 text7        00109E
___awmod@counter         cstackCOMRAM 000005
___awmod@dividend        cstackCOMRAM 000001
___awmod@divisor         cstackCOMRAM 000003
___awmod@sign            cstackCOMRAM 000006
___heap_hi               (abs)        000000
___heap_lo               (abs)        000000
___inthi_sp              stack        000000
___inthi_stack_hi        stack        000000
___inthi_stack_lo        stack        000000
___intlo_sp              stack        000000
___intlo_stack_hi        stack        000000
___intlo_stack_lo        stack        000000
___param_bank            (abs)        000000
___rparam_used           (abs)        000001
___sp                    stack        000000
___stack_hi              stack        000000
___stack_lo              stack        000000
___wmul                  text11       0015A2
___wmul@multiplicand     cstackCOMRAM 000003
___wmul@multiplier       cstackCOMRAM 000001
___wmul@product          cstackCOMRAM 000005
__accesstop              (abs)        000060
__activetblptr           (abs)        000002
__end_of_BusyXLCD        text23       001340
__end_of_DelayFor18TCY   text24       0015F4
__end_of_DelayPORXLCD    text22       0015EA
__end_of_DelayXLCD       text21       0015DA
__end_of_Keypad          text12       000EEC
__end_of_LEADC           text25       0013C8
__end_of_OpenXLCD        text18       000FDA
__end_of_SetDDRamAddr    text20       001408
__end_of_WriteCmdXLCD    text19       0014C2
__end_of_WriteDataXLCD   text14       001484
__end_of___awdiv         text8        00109E
__end_of___awmod         text7        00114E
__end_of___wmul          text11       0015C8
__end_of__initialization cinit        00137A
__end_of_abs             text6        00152A
__end_of_controleAgua    text17       0015A2
__end_of_controlePh      text16       00157A
__end_of_controleTc      text15       001552
__end_of_fputc           text4        0011F8
__end_of_limitante       text9        000D98
__end_of_main            text0        000A88
__end_of_putch           text5        0015FC
__end_of_putsXLCD        text13       0012FA
__end_of_readNumber      text10       001288
__end_of_sprintf         text1        0014F6
__end_of_vfpfcnvrt       text3        000C40
__end_of_vfprintf        text2        001446
__initialization         cinit        001340
__mediumconst            mediumconst  000000
__pbssBANK0              bssBANK0     000090
__pbssCOMRAM             bssCOMRAM    000031
__pcinit                 cinit        001340
__pcstackBANK0           cstackBANK0  000060
__pcstackCOMRAM          cstackCOMRAM 000001
__pdataCOMRAM            dataCOMRAM   000056
__pidataCOMRAM           idataCOMRAM  0015F4
__psmallconst            smallconst   000800
__ptext0                 text0        000842
__ptext1                 text1        0014C2
__ptext10                text10       0011F8
__ptext11                text11       0015A2
__ptext12                text12       000D98
__ptext13                text13       001288
__ptext14                text14       001446
__ptext15                text15       00152A
__ptext16                text16       001552
__ptext17                text17       00157A
__ptext18                text18       000EEC
__ptext19                text19       001484
__ptext2                 text2        001408
__ptext20                text20       0013C8
__ptext21                text21       0015C8
__ptext22                text22       0015DA
__ptext23                text23       0012FA
__ptext24                text24       0015EA
__ptext25                text25       001384
__ptext3                 text3        000A88
__ptext4                 text4        00114E
__ptext5                 text5        0015FA
__ptext6                 text6        0014F6
__ptext7                 text7        00109E
__ptext8                 text8        000FDA
__ptext9                 text9        000C40
__ramtop                 ramtop       000800
__smallconst             smallconst   000800
_abs                     text6        0014F6
_controleAgua            text17       00157A
_controlePh              text16       001552
_controleTc              text15       00152A
_dbuf                    bssCOMRAM    000031
_flags                   bssCOMRAM    000055
_fputc                   text4        00114E
_limitante               text9        000C40
_limite_Ph               dataCOMRAM   000056
_limite_Tc               dataCOMRAM   000058
_limite_UR               dataCOMRAM   00005A
_main                    text0        000842
_ph                      bssBANK0     000092
_prec                    bssCOMRAM    000053
_putch                   text5        0015FA
_putsXLCD                text13       001288
_readNumber              text10       0011F8
_sprintf                 text1        0014C2
_temp                    bssBANK0     000090
_umidade                 bssBANK0     000094
_vfpfcnvrt               text3        000A88
_vfprintf                text2        001408
_width                   bssCOMRAM    000051
abs@a                    cstackCOMRAM 000007
controleAgua@UR          cstackCOMRAM 000001
controlePh@Ph            cstackCOMRAM 000001
controleTc@Tc            cstackCOMRAM 000001
end_of_initialization    cinit        00137A
fputc@c                  cstackCOMRAM 000001
fputc@fp                 cstackCOMRAM 000003
intlevel0                text         000000
intlevel1                text         000000
intlevel2                text         000000
intlevel3                text         000000
isa$std                  (abs)        000001
isa$xinst                (abs)        000000
limitante@op             cstackCOMRAM 000012
limitante@valor          cstackCOMRAM 000010
main@phStr               cstackBANK0  000070
main@tempStr             cstackBANK0  000080
main@umidadeStr          cstackBANK0  000060
putsXLCD@buffer          cstackCOMRAM 000002
readNumber@key           cstackCOMRAM 00000D
readNumber@num           cstackCOMRAM 00000B
sprintf@ap               cstackCOMRAM 000022
sprintf@f                cstackCOMRAM 000023
sprintf@fmt              cstackCOMRAM 00001F
sprintf@s                cstackCOMRAM 00001E
stackhi                  (abs)        000000
stacklo                  (abs)        000000
start                    init         000000
start_initialization     cinit        001340
vfpfcnvrt@ap             cstackCOMRAM 000011
vfpfcnvrt@c              cstackCOMRAM 000019
vfpfcnvrt@convarg        cstackCOMRAM 000015
vfpfcnvrt@cp             cstackCOMRAM 000014
vfpfcnvrt@done           cstackCOMRAM 000013
vfpfcnvrt@fmt            cstackCOMRAM 000010
vfpfcnvrt@fp             cstackCOMRAM 00000F
vfprintf@ap              cstackCOMRAM 00001C
vfprintf@cfmt            cstackCOMRAM 00001D
vfprintf@fmt             cstackCOMRAM 00001B
vfprintf@fp              cstackCOMRAM 00001A


MODULE INFORMATION

Module		Function		Class		Link	Load	Size
C:\Program Files\Microchip\xc8\v2.46\pic\sources\c99\common\nf_fputc.c
		_fputc         		CODE           	114E	0000	170

C:\Program Files\Microchip\xc8\v2.46\pic\sources\c99\common\nf_fputc.c estimated size: 170

C:\Program Files\Microchip\xc8\v2.46\pic\sources\c99\common\awdiv.c
		___awdiv       		CODE           	0FDA	0000	196

C:\Program Files\Microchip\xc8\v2.46\pic\sources\c99\common\awdiv.c estimated size: 196

newmain.c
		_limitante     		CODE           	0C40	0000	344
		_main          		CODE           	0842	0000	582
		_controleTc    		CODE           	152A	0000	40
		_controlePh    		CODE           	1552	0000	40
		_controleAgua  		CODE           	157A	0000	40
		_LEADC         		CODE           	1384	0000	68
		_readNumber    		CODE           	11F8	0000	144
		_Keypad        		CODE           	0D98	0000	340

newmain.c estimated size: 1598

C:\Program Files\Microchip\xc8\v2.46\pic\sources\c99\common\doprnt.c
		_vfpfcnvrt     		CODE           	0A88	0000	440
		_vfprintf      		CODE           	1408	0000	62

C:\Program Files\Microchip\xc8\v2.46\pic\sources\c99\common\doprnt.c estimated size: 502

C:\Program Files\Microchip\xc8\v2.46\pic\sources\c99\common\nf_sprintf.c
		_sprintf       		CODE           	14C2	0000	52

C:\Program Files\Microchip\xc8\v2.46\pic\sources\c99\common\nf_sprintf.c estimated size: 52

nxlcd.c
		_BusyXLCD      		CODE           	12FA	0000	70
		_putsXLCD      		CODE           	1288	0000	114
		_DelayFor18TCY 		CODE           	15EA	0000	10
		_DelayXLCD     		CODE           	15C8	0000	18
		_WriteCmdXLCD  		CODE           	1484	0000	62
		_OpenXLCD      		CODE           	0EEC	0000	238
		_WriteDataXLCD 		CODE           	1446	0000	62
		_SetDDRamAddr  		CODE           	13C8	0000	64
		_DelayPORXLCD  		CODE           	15DA	0000	16

nxlcd.c estimated size: 654

shared
		__initialization		CODE           	1340	0000	58

shared estimated size: 58

C:\Program Files\Microchip\xc8\v2.46\pic\sources\c99\common\putch.c
		_putch         		CODE           	15FA	0000	2

C:\Program Files\Microchip\xc8\v2.46\pic\sources\c99\common\putch.c estimated size: 2

C:\Program Files\Microchip\xc8\v2.46\pic\sources\c99\common\Umul16.c
		___wmul        		CODE           	15A2	0000	38

C:\Program Files\Microchip\xc8\v2.46\pic\sources\c99\common\Umul16.c estimated size: 38

C:\Program Files\Microchip\xc8\v2.46\pic\sources\c99\common\abs.c
		_abs           		CODE           	14F6	0000	52

C:\Program Files\Microchip\xc8\v2.46\pic\sources\c99\common\abs.c estimated size: 52

C:\Program Files\Microchip\xc8\v2.46\pic\sources\c99\common\awmod.c
		___awmod       		CODE           	109E	0000	176

C:\Program Files\Microchip\xc8\v2.46\pic\sources\c99\common\awmod.c estimated size: 176

